<testsuite errors="0" failures="0" name="Django Project Tests" skips="0" tests="0" time="0.000" />
